[GC (Allocation Failure)  10944K->266K(39616K), 0.0022310 secs]
[GC (Allocation Failure)  11210K->375K(39616K), 0.0012049 secs]
[GC (Allocation Failure)  11319K->492K(39616K), 0.0019141 secs]
[GC (Allocation Failure)  11436K->687K(39616K), 0.0023948 secs]
[GC (Allocation Failure)  11631K->919K(39616K), 0.0027178 secs]
[GC (Allocation Failure)  11863K->1125K(39616K), 0.0030352 secs]
[GC (Allocation Failure)  12069K->1323K(39616K), 0.0034222 secs]
[GC (Allocation Failure)  12267K->1566K(39616K), 0.0030839 secs]
[GC (Allocation Failure)  12510K->1798K(39616K), 0.0035433 secs]
[GC (Allocation Failure)  12742K->1985K(39616K), 0.0032225 secs]
[GC (Allocation Failure)  12929K->2192K(39616K), 0.0032631 secs]
[GC (Allocation Failure)  13136K->2428K(39616K), 0.0035685 secs]
[GC (Allocation Failure)  13372K->2599K(39616K), 0.0036934 secs]
[GC (Allocation Failure)  13543K->3034K(39616K), 0.0036340 secs]
[GC (Allocation Failure)  13978K->3246K(39616K), 0.0038371 secs]
[GC (Allocation Failure)  14190K->3432K(39616K), 0.0031087 secs]
[GC (Allocation Failure)  14376K->3706K(39616K), 0.0023799 secs]
[GC (Allocation Failure)  14650K->3854K(39616K), 0.0033247 secs]
[GC (Allocation Failure)  14798K->3992K(39616K), 0.0032302 secs]
[GC (Allocation Failure)  14936K->4593K(39616K), 0.0040279 secs]
[GC (Allocation Failure)  15537K->4802K(39616K), 0.0038042 secs]
[GC (Allocation Failure)  15746K->5024K(39616K), 0.0026669 secs]
[GC (Allocation Failure)  15968K->5176K(39616K), 0.0023628 secs]
[GC (Allocation Failure)  16120K->5366K(39616K), 0.0030215 secs]
[GC (Allocation Failure)  16310K->5560K(39616K), 0.0034676 secs]
[GC (Allocation Failure)  16504K->5787K(39616K), 0.0035407 secs]
[GC (Allocation Failure)  16731K->5977K(39616K), 0.0038243 secs]
[GC (Allocation Failure)  16921K->6196K(39616K), 0.0037246 secs]
[GC (Allocation Failure)  17140K->6918K(39616K), 0.0040352 secs]
[GC (Allocation Failure)  17862K->7143K(39616K), 0.0044103 secs]
[GC (Allocation Failure)  18087K->7373K(39616K), 0.0023790 secs]
[GC (Allocation Failure)  18317K->7551K(39616K), 0.0033512 secs]
[GC (Allocation Failure)  18495K->7738K(39616K), 0.0029299 secs]
[GC (Allocation Failure)  18682K->7932K(39616K), 0.0035634 secs]
[GC (Allocation Failure)  18876K->8149K(39616K), 0.0034441 secs]
[GC (Allocation Failure)  19093K->8358K(39616K), 0.0039787 secs]
[GC (Allocation Failure)  19302K->8498K(39616K), 0.0036802 secs]
[GC (Allocation Failure)  19442K->8745K(39616K), 0.0035035 secs]
[GC (Allocation Failure)  19689K->8998K(39616K), 0.0036104 secs]
[GC (Allocation Failure)  19942K->9203K(39616K), 0.0037755 secs]
[GC (Allocation Failure)  20147K->9415K(39616K), 0.0034278 secs]
[GC (Allocation Failure)  20359K->10500K(39616K), 0.0042743 secs]
[GC (Allocation Failure)  21444K->10695K(39616K), 0.0035792 secs]
[GC (Allocation Failure)  21639K->10904K(39616K), 0.0017862 secs]
[GC (Allocation Failure)  21848K->12074K(39616K), 0.0072628 secs]
[GC (Allocation Failure)  23018K->11288K(39616K), 0.0025416 secs]
[GC (Allocation Failure)  22232K->11488K(39616K), 0.0020283 secs]
[GC (Allocation Failure)  22432K->11669K(39616K), 0.0025886 secs]
[GC (Allocation Failure)  22613K->11877K(39616K), 0.0033855 secs]
[GC (Allocation Failure)  22821K->12087K(39616K), 0.0038444 secs]
[GC (Allocation Failure)  23031K->12254K(39616K), 0.0035548 secs]
[GC (Allocation Failure)  23198K->12488K(39616K), 0.0035976 secs]
[GC (Allocation Failure)  23432K->12658K(39616K), 0.0038607 secs]
[GC (Allocation Failure)  23602K->12877K(39616K), 0.0035946 secs]
[GC (Allocation Failure)  23821K->13065K(39616K), 0.0035869 secs]
[GC (Allocation Failure)  24009K->13256K(39616K), 0.0041567 secs]
[GC (Allocation Failure)  24200K->13441K(39616K), 0.0034227 secs]
[GC (Allocation Failure)  24385K->13625K(39616K), 0.0035219 secs]
[GC (Allocation Failure)  24569K->13786K(39616K), 0.0033495 secs]
[GC (Allocation Failure)  24730K->13969K(39616K), 0.0033500 secs]
[GC (Allocation Failure)  24913K->15572K(39616K), 0.0051836 secs]
[GC (Allocation Failure)  26516K->17064K(39616K), 0.0045459 secs]
[GC (Allocation Failure)  28008K->17254K(39616K), 0.0033376 secs]
[GC (Allocation Failure)  28198K->17449K(39616K), 0.0040626 secs]
[GC (Allocation Failure)  28393K->17640K(39616K), 0.0034526 secs]
[GC (Allocation Failure)  28584K->17828K(39616K), 0.0036122 secs]
[GC (Allocation Failure)  28772K->18051K(39616K), 0.0036703 secs]
[GC (Allocation Failure)  28995K->18207K(39616K), 0.0035437 secs]
[GC (Allocation Failure)  29151K->18409K(39616K), 0.0036673 secs]
[GC (Allocation Failure)  29353K->18608K(39616K), 0.0036678 secs]
[GC (Allocation Failure)  29552K->18807K(39616K), 0.0034385 secs]
[GC (Allocation Failure)  29751K->19000K(39616K), 0.0037127 secs]
[GC (Allocation Failure)  29944K->19189K(39616K), 0.0035625 secs]
[GC (Allocation Failure)  30133K->19436K(39616K), 0.0035604 secs]
[GC (Allocation Failure)  30380K->19598K(39616K), 0.0040446 secs]
[GC (Allocation Failure)  30542K->19744K(39616K), 0.0029915 secs]
[GC (Allocation Failure)  30688K->20007K(39616K), 0.0040091 secs]
[GC (Allocation Failure)  30951K->20191K(39616K), 0.0035121 secs]
[GC (Allocation Failure)  31135K->20350K(39616K), 0.0037435 secs]
[GC (Allocation Failure)  31294K->20555K(39616K), 0.0035471 secs]
[GC (Allocation Failure)  31499K->20716K(39616K), 0.0035570 secs]
[GC (Allocation Failure)  31660K->20922K(39616K), 0.0034633 secs]
[GC (Allocation Failure)  31866K->21087K(39616K), 0.0033615 secs]
[GC (Allocation Failure)  32031K->21280K(39616K), 0.0031934 secs]
[GC (Allocation Failure)  32224K->21425K(39616K), 0.0033457 secs]
[GC (Allocation Failure)  32369K->21622K(39616K), 0.0033803 secs]
[GC (Allocation Failure)  32566K->21805K(39616K), 0.0032114 secs]
[GC (Allocation Failure)  32749K->21973K(39616K), 0.0034334 secs]
[GC (Allocation Failure)  32917K->22153K(39616K), 0.0033038 secs]
[GC (Allocation Failure)  33097K->22311K(39616K), 0.0031130 secs]
[GC (Allocation Failure)  33255K->22444K(39616K), 0.0032242 secs]
[GC (Allocation Failure)  33388K->24633K(39616K), 0.0052546 secs]
[GC (Allocation Failure)  35577K->24784K(39616K), 0.0023653 secs]
[GC (Allocation Failure)  35728K->24926K(39616K), 0.0032311 secs]
[GC (Allocation Failure)  35870K->25075K(39616K), 0.0032375 secs]
[GC (Allocation Failure)  36019K->25278K(39616K), 0.0030048 secs]
[GC (Allocation Failure)  36222K->25439K(39616K), 0.0033068 secs]
[GC (Allocation Failure)  36383K->25661K(39616K), 0.0037726 secs]
[GC (Allocation Failure)  36605K->25885K(39616K), 0.0036883 secs]
[GC (Allocation Failure)  36829K->26011K(39616K), 0.0036438 secs]
[GC (Allocation Failure)  36955K->26182K(39616K), 0.0030476 secs]
[GC (Allocation Failure)  37126K->26357K(39616K), 0.0033761 secs]
[GC (Allocation Failure)  37301K->26507K(39616K), 0.0032559 secs]
[GC (Allocation Failure)  37451K->26657K(39616K), 0.0029590 secs]
[GC (Allocation Failure)  37601K->26816K(39616K), 0.0027990 secs]
[GC (Allocation Failure)  37760K->26976K(39616K), 0.0028457 secs]
[GC (Allocation Failure)  37920K->27143K(39616K), 0.0032524 secs]
[GC (Allocation Failure)  38087K->27528K(39616K), 0.0047367 secs]
[GC (Allocation Failure)  38472K->27501K(39616K), 0.0037537 secs]
[Full GC (Allocation Failure)  38445K->23211K(39616K), 0.0696472 secs]
[GC (Allocation Failure)  34155K->23472K(39616K), 0.0019740 secs]
[GC (Allocation Failure)  34416K->23641K(39616K), 0.0022233 secs]
[GC (Allocation Failure)  34585K->23892K(39616K), 0.0025210 secs]
[GC (Allocation Failure)  34836K->24030K(39616K), 0.0032837 secs]
[GC (Allocation Failure)  34974K->24255K(39616K), 0.0031712 secs]
[GC (Allocation Failure)  35199K->24431K(39616K), 0.0036408 secs]
[GC (Allocation Failure)  35375K->24602K(39616K), 0.0035142 secs]
[GC (Allocation Failure)  35546K->24817K(39616K), 0.0031754 secs]
[GC (Allocation Failure)  35761K->24977K(39616K), 0.0033269 secs]
[GC (Allocation Failure)  35921K->25185K(39616K), 0.0035245 secs]
[GC (Allocation Failure)  36129K->25391K(39616K), 0.0033974 secs]
[GC (Allocation Failure)  36335K->25567K(39616K), 0.0033658 secs]
[GC (Allocation Failure)  36511K->25813K(39616K), 0.0036626 secs]
[GC (Allocation Failure)  36757K->25995K(39616K), 0.0036057 secs]
[GC (Allocation Failure)  36939K->26231K(39616K), 0.0030364 secs]
[GC (Allocation Failure)  37175K->26386K(39616K), 0.0035484 secs]
[GC (Allocation Failure)  37330K->26712K(39616K), 0.0036626 secs]
[GC (Allocation Failure)  37656K->26772K(39616K), 0.0038359 secs]
[GC (Allocation Failure)  37716K->26947K(39616K), 0.0031545 secs]
[GC (Allocation Failure)  37891K->27163K(39616K), 0.0036840 secs]
[GC (Allocation Failure)  38107K->27376K(39616K), 0.0035330 secs]
[GC (Allocation Failure)  38320K->27529K(39616K), 0.0036092 secs]
[GC (Allocation Failure)  38473K->27753K(39616K), 0.0035069 secs]
[GC (Allocation Failure)  38697K->27942K(39616K), 0.0039415 secs]
[Full GC (Allocation Failure)  38886K->28128K(39616K), 0.0652019 secs]
[Full GC (Allocation Failure)  39615K->28458K(39616K), 0.0669992 secs]
[Full GC (Allocation Failure)  38475K->27726K(39616K), 0.0911931 secs]
[Full GC (Allocation Failure)  39615K->29154K(39616K), 0.0769464 secs]
[GC (Allocation Failure) , 0.0231914 secs]
[Full GC (Allocation Failure)  36886K->29108K(39616K), 0.0644546 secs]
[GC (Allocation Failure) , 0.0229009 secs]
[Full GC (Allocation Failure)  36833K->29054K(39616K), 0.0635645 secs]
[GC (Allocation Failure) , 0.0225840 secs]
[Full GC (Allocation Failure)  36834K->29055K(39616K), 0.0639431 secs]
[GC (Allocation Failure) , 0.0226819 secs]
[Full GC (Allocation Failure)  36834K->29055K(39616K), 0.0630525 secs]
[GC (Allocation Failure) , 0.0223744 secs]
[Full GC (Allocation Failure)  36837K->29058K(39616K), 0.0639272 secs]
[GC (Allocation Failure) , 0.0225348 secs]
[Full GC (Allocation Failure)  36840K->29062K(39616K), 0.0636548 secs]
[GC (Allocation Failure) , 0.0229031 secs]
[Full GC (Allocation Failure)  36843K->29065K(39616K), 0.0641582 secs]
[GC (Allocation Failure) , 0.0228257 secs]
[Full GC (Allocation Failure)  36883K->29105K(39616K), 0.0640136 secs]
[GC (Allocation Failure) , 0.0236726 secs]
[Full GC (Allocation Failure)  36931K->29152K(39616K), 0.0652733 secs]
[GC (Allocation Failure) , 0.0243334 secs]
[Full GC (Allocation Failure)  36987K->29208K(39616K), 0.0659495 secs]
[GC (Allocation Failure) , 0.0250956 secs]
[Full GC (Allocation Failure)  37129K->29350K(39616K), 0.0674239 secs]
[GC (Allocation Failure) , 0.0255092 secs]
[Full GC (Allocation Failure)  37216K->29437K(39616K), 0.0671249 secs]
[GC (Allocation Failure) , 0.0268976 secs]
[Full GC (Allocation Failure)  37446K->29668K(39616K), 0.0684727 secs]
[GC (Allocation Failure) , 0.0275700 secs]
[Full GC (Allocation Failure)  37480K->29701K(39616K), 0.0704736 secs]
[GC (Allocation Failure) , 0.0263942 secs]
[Full GC (Allocation Failure)  37558K->29779K(39616K), 0.0680133 secs]
[GC (Allocation Failure) , 0.0267582 secs]
[Full GC (Allocation Failure)  37712K->29934K(39616K), 0.0680659 secs]
[GC (Allocation Failure) , 0.0271598 secs]
[Full GC (Allocation Failure)  37826K->30048K(39616K), 0.0702970 secs]
[GC (Allocation Failure) , 0.0277766 secs]
[Full GC (Allocation Failure)  37919K->30140K(39616K), 0.0701896 secs]
[GC (Allocation Failure) , 0.0285260 secs]
[Full GC (Allocation Failure)  38007K->30228K(39616K), 0.0701528 secs]
[GC (Allocation Failure) , 0.0280636 secs]
[Full GC (Allocation Failure)  38127K->30348K(39616K), 0.0711323 secs]
[GC (Allocation Failure) , 0.0274875 secs]
[Full GC (Allocation Failure)  38269K->30490K(39616K), 0.0705091 secs]
[GC (Allocation Failure) , 0.0279772 secs]
[Full GC (Allocation Failure)  38379K->30600K(39616K), 0.0716473 secs]
[GC (Allocation Failure) , 0.0295033 secs]
[Full GC (Allocation Failure)  38468K->30688K(39616K), 0.0709450 secs]
[GC (Allocation Failure) , 0.0285482 secs]
[Full GC (Allocation Failure)  38587K->30808K(39616K), 0.0713175 secs]
[GC (Allocation Failure) , 0.0283947 secs]
[Full GC (Allocation Failure)  38684K->30905K(39616K), 0.0710125 secs]
[GC (Allocation Failure) , 0.0339248 secs]
[Full GC (Allocation Failure)  39138K->31359K(39616K), 0.0911576 secs]
[GC (Allocation Failure) , 0.0274019 secs]
[Full GC (Allocation Failure)  38922K->31133K(39616K), 0.0716627 secs]
[GC (Allocation Failure) , 0.0293494 secs]
[Full GC (Allocation Failure)  39381K->31603K(39616K), 0.0741161 secs]
[Full GC (Allocation Failure)  39615K->31663K(39616K), 0.0741020 secs]
[Full GC (Allocation Failure)  39615K->32117K(39616K), 0.0743142 secs]
[Full GC (Allocation Failure)  39615K->32400K(39616K), 0.0768591 secs]
[Full GC (Allocation Failure)  39615K->33037K(39616K), 0.0765597 secs]
[Full GC (Allocation Failure)  39615K->33570K(39616K), 0.0779605 secs]
[Full GC (Allocation Failure)  39615K->34006K(39616K), 0.0797711 secs]
[Full GC (Allocation Failure)  39615K->34205K(39616K), 0.0798999 secs]
[Full GC (Allocation Failure)  39615K->34691K(39616K), 0.0804264 secs]
[Full GC (Allocation Failure)  39615K->35106K(39616K), 0.0813648 secs]
[Full GC (Allocation Failure)  39615K->35377K(39616K), 0.0813169 secs]
[Full GC (Allocation Failure)  39615K->35582K(39616K), 0.0831852 secs]
[Full GC (Allocation Failure)  39615K->35927K(39616K), 0.0837571 secs]
[Full GC (Allocation Failure)  39615K->36272K(39616K), 0.0837195 secs]
[Full GC (Allocation Failure)  39615K->36530K(39616K), 0.0841951 secs]
[Full GC (Allocation Failure)  39615K->36538K(39616K), 0.0845206 secs]
[Full GC (Allocation Failure)  39615K->36846K(39616K), 0.0846857 secs]
[Full GC (Allocation Failure)  39615K->37094K(39616K), 0.0865591 secs]
[Full GC (Allocation Failure)  39615K->37291K(39616K), 0.0860099 secs]
[Full GC (Allocation Failure)  39615K->37270K(39616K), 0.0859860 secs]
[Full GC (Allocation Failure)  39615K->37587K(39616K), 0.0887748 secs]
[Full GC (Allocation Failure)  39615K->37729K(39616K), 0.0870207 secs]
[Full GC (Allocation Failure)  39615K->37886K(39616K), 0.0897021 secs]
[Full GC (Allocation Failure)  39615K->37823K(39616K), 0.0899296 secs]
[Full GC (Allocation Failure)  39615K->38063K(39616K), 0.0880515 secs]
[Full GC (Allocation Failure)  39615K->38239K(39616K), 0.0880583 secs]
[Full GC (Allocation Failure)  39615K->38329K(39616K), 0.0885027 secs]
[Full GC (Allocation Failure)  39615K->38258K(39616K), 0.0895378 secs]
[Full GC (Allocation Failure)  39615K->38465K(39616K), 0.0891349 secs]
[Full GC (Allocation Failure)  39615K->38626K(39616K), 0.0891721 secs]
[Full GC (Allocation Failure)  39615K->38710K(39616K), 0.0894052 secs]
[Full GC (Allocation Failure)  39615K->38571K(39616K), 0.0929883 secs]
[Full GC (Allocation Failure)  39615K->38749K(39616K), 0.0895301 secs]
[Full GC (Allocation Failure)  39615K->38828K(39616K), 0.0891063 secs]
[Full GC (Allocation Failure)  39615K->38881K(39616K), 0.0912381 secs]
[Full GC (Allocation Failure)  39615K->38852K(39616K), 0.0898625 secs]
[Full GC (Allocation Failure)  39615K->38936K(39616K), 0.0899523 secs]
[Full GC (Allocation Failure)  39615K->39115K(39616K), 0.0909549 secs]
[Full GC (Allocation Failure)  39615K->39051K(39616K), 0.0984701 secs]
[Full GC (Allocation Failure)  39615K->38976K(39616K), 0.0923784 secs]
[Full GC (Allocation Failure)  39615K->39110K(39616K), 0.0937437 secs]
[Full GC (Allocation Failure)  39615K->39199K(39616K), 0.0900378 secs]
[Full GC (Allocation Failure)  39615K->39261K(39616K), 0.0898206 secs]
[Full GC (Allocation Failure)  39615K->39103K(39616K), 0.0913133 secs]
[Full GC (Allocation Failure)  39615K->39209K(39616K), 0.0913257 secs]
[Full GC (Allocation Failure)  39615K->39267K(39616K), 0.0888941 secs]
[Full GC (Allocation Failure)  39615K->39371K(39616K), 0.0936402 secs]
[Full GC (Allocation Failure)  39615K->39230K(39616K), 0.0918553 secs]
[Full GC (Allocation Failure)  39615K->39299K(39616K), 0.0911119 secs]
[Full GC (Allocation Failure)  39615K->39412K(39616K), 0.0907372 secs]
[Full GC (Allocation Failure)  39615K->39421K(39616K), 0.0895622 secs]
[Full GC (Allocation Failure)  39615K->39356K(39616K), 0.0912214 secs]
[Full GC (Allocation Failure)  39615K->39362K(39616K), 0.0906889 secs]
[Full GC (Allocation Failure)  39615K->39472K(39616K), 0.0921538 secs]
[Full GC (Allocation Failure)  39615K->39526K(39616K), 0.0915293 secs]
[Full GC (Allocation Failure)  39615K->39392K(39616K), 0.0890057 secs]
[Full GC (Allocation Failure)  39615K->39490K(39616K), 0.0899053 secs]
[Full GC (Allocation Failure)  39615K->39423K(39616K), 0.0910704 secs]
[Full GC (Allocation Failure)  39615K->39523K(39616K), 0.0899010 secs]
[Full GC (Allocation Failure)  39615K->39471K(39616K), 0.0900947 secs]
[Full GC (Allocation Failure)  39615K->39465K(39616K), 0.0895930 secs]
[Full GC (Allocation Failure)  39615K->39520K(39616K), 0.0893347 secs]
[Full GC (Allocation Failure)  39615K->39507K(39616K), 0.0894835 secs]
[Full GC (Allocation Failure)  39615K->39445K(39616K), 0.0891003 secs]
[Full GC (Allocation Failure)  39616K->39493K(39616K), 0.0899557 secs]
[Full GC (Allocation Failure)  39615K->39544K(39616K), 0.0901585 secs]
[Full GC (Allocation Failure)  39615K->39525K(39616K), 0.0937847 secs]
[Full GC (Allocation Failure)  39615K->39475K(39616K), 0.0942018 secs]
[Full GC (Allocation Failure)  39615K->39541K(39616K), 0.0910657 secs]
[Full GC (Allocation Failure)  39615K->39588K(39616K), 0.0906585 secs]
[Full GC (Allocation Failure)  39615K->39559K(39616K), 0.0891028 secs]
[Full GC (Allocation Failure)  39615K->39540K(39616K), 0.0904523 secs]
[Full GC (Allocation Failure)  39615K->39526K(39616K), 0.0902996 secs]
[Full GC (Allocation Failure)  39615K->39579K(39616K), 0.0911987 secs]
[Full GC (Allocation Failure)  39615K->39585K(39616K), 0.0916512 secs]
[Full GC (Allocation Failure)  39615K->39499K(39616K), 0.0895708 secs]
[Full GC (Allocation Failure)  39615K->39568K(39616K), 0.0914331 secs]
[Full GC (Allocation Failure)  39615K->39549K(39616K), 0.0945688 secs]
[Full GC (Allocation Failure)  39615K->39584K(39616K), 0.0922406 secs]
[Full GC (Allocation Failure)  39615K->39539K(39616K), 0.0909472 secs]
[Full GC (Allocation Failure)  39615K->39604K(39616K), 0.0906050 secs]
[Full GC (Allocation Failure)  39615K->39611K(39616K), 0.0926530 secs]
[Full GC (Allocation Failure)  39615K->39611K(39616K), 0.0909592 secs]
[Full GC (Allocation Failure)  39615K->39582K(39616K), 0.0902765 secs]
[Full GC (Allocation Failure)  39615K->39550K(39616K), 0.0919930 secs]
[Full GC (Allocation Failure)  39615K->39575K(39616K), 0.0934036 secs]
[Full GC (Allocation Failure)  39615K->39572K(39616K), 0.0908018 secs]
[Full GC (Allocation Failure)  39615K->39547K(39616K), 0.0912466 secs]
[Full GC (Allocation Failure)  39615K->39589K(39616K), 0.0900109 secs]
[Full GC (Allocation Failure)  39616K->39573K(39616K), 0.0902650 secs]
[Full GC (Allocation Failure)  39616K->39598K(39616K), 0.0896546 secs]
[Full GC (Allocation Failure)  39615K->39580K(39616K), 0.0901243 secs]
[Full GC (Allocation Failure)  39615K->39598K(39616K), 0.0901285 secs]
[Full GC (Allocation Failure)  39615K->39609K(39616K), 0.0893749 secs]
[Full GC (Allocation Failure)  39615K->39613K(39616K), 0.0896281 secs]
[Full GC (Allocation Failure)  39615K->39578K(39616K), 0.0898984 secs]
[Full GC (Allocation Failure)  39615K->39555K(39616K), 0.0907098 secs]
[Full GC (Allocation Failure)  39615K->39596K(39616K), 0.0935700 secs]
[Full GC (Allocation Failure)  39615K->39570K(39616K), 0.0900246 secs]
[Full GC (Allocation Failure)  39615K->39545K(39616K), 0.0901627 secs]
[Full GC (Allocation Failure)  39615K->39591K(39616K), 0.0895105 secs]
[Full GC (Allocation Failure)  39615K->39601K(39616K), 0.0916568 secs]
[Full GC (Allocation Failure)  39615K->39608K(39616K), 0.0907564 secs]
[Full GC (Allocation Failure)  39615K->39595K(39616K), 0.0916752 secs]
[Full GC (Allocation Failure)  39615K->39610K(39616K), 0.0902038 secs]
[Full GC (Allocation Failure)  39615K->39578K(39616K), 0.0912184 secs]
[Full GC (Allocation Failure)  39615K->39597K(39616K), 0.0889630 secs]
[Full GC (Allocation Failure)  39615K->39573K(39616K), 0.0906585 secs]
[Full GC (Allocation Failure)  39615K->39577K(39616K), 0.0912624 secs]
[Full GC (Allocation Failure)  39615K->39598K(39616K), 0.0896418 secs]
[Full GC (Allocation Failure)  39615K->39587K(39616K), 0.0894762 secs]
[Full GC (Allocation Failure)  39615K->39561K(39616K), 0.0887932 secs]
[Full GC (Allocation Failure)  39615K->39604K(39616K), 0.0927056 secs]
[Full GC (Allocation Failure)  39615K->39610K(39616K), 0.0943626 secs]
[Full GC (Allocation Failure)  39616K->39607K(39616K), 0.0938729 secs]
[Full GC (Allocation Failure)  39615K->39597K(39616K), 0.0906572 secs]
[Full GC (Allocation Failure)  39615K->39598K(39616K), 0.0906452 secs]
[Full GC (Allocation Failure)  39615K->39598K(39616K), 0.0897145 secs]
[Full GC (Allocation Failure)  39615K->39597K(39616K), 0.0907376 secs]
[Full GC (Allocation Failure)  39615K->39567K(39616K), 0.0914750 secs]
[Full GC (Allocation Failure)  39615K->39600K(39616K), 0.0897765 secs]
[Full GC (Allocation Failure)  39615K->39609K(39616K), 0.0900464 secs]
[Full GC (Allocation Failure)  39615K->39604K(39616K), 0.0892252 secs]
[Full GC (Allocation Failure)  39615K->39582K(39616K), 0.0895609 secs]
[Full GC (Allocation Failure)  39616K->39602K(39616K), 0.0897354 secs]
[Full GC (Allocation Failure)  39615K->39608K(39616K), 0.0908587 secs]
[Full GC (Allocation Failure)  39615K->39606K(39616K), 0.0893210 secs]
[Full GC (Allocation Failure)  39615K->39599K(39616K), 0.0891054 secs]
[Full GC (Allocation Failure)  39616K->39606K(39616K), 0.0891969 secs]
[Full GC (Allocation Failure)  39615K->39601K(39616K), 0.0944528 secs]
[Full GC (Allocation Failure)  39616K->39602K(39616K), 0.0914566 secs]
[Full GC (Allocation Failure)  39615K->39583K(39616K), 0.0901807 secs]
[Full GC (Allocation Failure)  39616K->39607K(39616K), 0.0891884 secs]
[Full GC (Allocation Failure)  39615K->39611K(39616K), 0.0896922 secs]
[Full GC (Allocation Failure)  39615K->39611K(39616K), 0.0905965 secs]
[Full GC (Allocation Failure)  39615K->39580K(39616K), 0.0896003 secs]
[Full GC (Allocation Failure)  39616K->39602K(39616K), 0.0896033 secs]
[Full GC (Allocation Failure)  39615K->39608K(39616K), 0.0890669 secs]
[Full GC (Allocation Failure)  39616K->39611K(39616K), 0.0900537 secs]
[Full GC (Allocation Failure)  39615K->39588K(39616K), 0.0908741 secs]
[Full GC (Allocation Failure)  39615K->39611K(39616K), 0.0899664 secs]
[Full GC (Allocation Failure)  39615K->39614K(39616K), 0.0896961 secs]
[Full GC (Allocation Failure)  39615K->39615K(39616K), 0.0905139 secs]
[Full GC (Allocation Failure)  39615K->39604K(39616K), 0.0893501 secs]
[Full GC (Allocation Failure)  39615K->39615K(39616K), 0.0891315 secs]
[Full GC (Allocation Failure)  39615K->39615K(39616K), 0.0942672 secs]
[Full GC (Allocation Failure)  39615K->39614K(39616K), 0.0896786 secs]
[Full GC (Allocation Failure)  39616K->39610K(39616K), 0.0900100 secs]
[Full GC (Allocation Failure)  39615K->39614K(39616K), 0.0900870 secs]
[Full GC (Allocation Failure)  39615K->39611K(39616K), 0.0901512 secs]
[Full GC (Allocation Failure)  39615K->39614K(39616K), 0.0892624 secs]
[Full GC (Allocation Failure)  39615K->39593K(39616K), 0.0907068 secs]
[Full GC (Allocation Failure)  39615K->39611K(39616K), 0.0895703 secs]
[Full GC (Allocation Failure)  39615K->39613K(39616K), 0.0900678 secs]
[Full GC (Allocation Failure)  39615K->39614K(39616K), 0.0900601 secs]
[Full GC (Allocation Failure)  39615K->39606K(39616K), 0.0893877 secs]
[Full GC (Allocation Failure)  39615K->39615K(39616K), 0.0903578 secs]
[Full GC (Allocation Failure)  39615K->39610K(39616K), 0.0890605 secs]
[Full GC (Allocation Failure)  39615K->39615K(39616K), 0.0895712 secs]
[Full GC (Allocation Failure)  39615K->39610K(39616K), 0.0894959 secs]
[Full GC (Allocation Failure)  39615K->39615K(39616K), 0.0902483 secs]
[Full GC (Allocation Failure)  39615K->39612K(39616K), 0.0892859 secs]
[Full GC (Allocation Failure)  39615K->39614K(39616K), 0.0901392 secs]
[Full GC (Allocation Failure)  39615K->39609K(39616K), 0.0943848 secs]
[Full GC (Allocation Failure)  39615K->39613K(39616K), 0.0917175 secs]
[Full GC (Allocation Failure)  39615K->39614K(39616K), 0.0906208 secs]
[Full GC (Allocation Failure)  39615K->39610K(39616K), 0.0893680 secs]
[Full GC (Allocation Failure)  39615K->39603K(39616K), 0.0904489 secs]
[Full GC (Allocation Failure)  39615K->39614K(39616K), 0.0896614 secs]
[Full GC (Allocation Failure)  39615K->39614K(39616K), 0.0897983 secs]
[Full GC (Allocation Failure)  39615K->39609K(39616K), 0.0890134 secs]
[Full GC (Allocation Failure)  39615K->39596K(39616K), 0.0894322 secs]
[Full GC (Allocation Failure)  39615K->39612K(39616K), 0.0910417 secs]
[Full GC (Allocation Failure)  39615K->39614K(39616K), 0.0908471 secs]
[Full GC (Allocation Failure)  39615K->39614K(39616K), 0.0901606 secs]
[Full GC (Allocation Failure)  39615K->39608K(39616K), 0.0892162 secs]
[Full GC (Allocation Failure)  39615K->39614K(39616K), 0.0909040 secs]
[Full GC (Allocation Failure)  39615K->39614K(39616K), 0.0916050 secs]
[Full GC (Allocation Failure)  39615K->39614K(39616K), 0.0931483 secs]
[Full GC (Allocation Failure)  39615K->39613K(39616K), 0.0915854 secs]
[Full GC (Allocation Failure)  39615K->39615K(39616K), 0.0919904 secs]
[Full GC (Allocation Failure)  39615K->39613K(39616K), 0.0901089 secs]
[Full GC (Allocation Failure)  39615K->39608K(39616K), 0.0897645 secs]
[Full GC (Allocation Failure)  39615K->39596K(39616K), 0.0899236 secs]
[Full GC (Allocation Failure)  39616K->39611K(39616K), 0.0920465 secs]
[Full GC (Allocation Failure)  39615K->39613K(39616K), 0.0897487 secs]
[Full GC (Allocation Failure)  39616K->39611K(39616K), 0.0896726 secs]
[Full GC (Allocation Failure)  39615K->39601K(39616K), 0.0965915 secs]
[Full GC (Allocation Failure)  39615K->39609K(39616K), 0.0896221 secs]
[Full GC (Allocation Failure)  39615K->39613K(39616K), 0.0896999 secs]
[Full GC (Allocation Failure)  39615K->39612K(39616K), 0.0900096 secs]
[Full GC (Allocation Failure)  39615K->39604K(39616K), 0.0904733 secs]
[Full GC (Allocation Failure)  39615K->39615K(39616K), 0.0891751 secs]
[Full GC (Allocation Failure)  39615K->39615K(39616K), 0.0895425 secs]
[Full GC (Allocation Failure)  39615K->39610K(39616K), 0.0906405 secs]
[Full GC (Allocation Failure)  39615K->39612K(39616K), 0.0914669 secs]
[Full GC (Allocation Failure)  39615K->39615K(39616K), 0.0921179 secs]
[Full GC (Allocation Failure)  39615K->39612K(39616K), 0.0927351 secs]
[Full GC (Allocation Failure)  39615K->39615K(39616K), 0.0898539 secs]
[Full GC (Allocation Failure)  39615K->39612K(39616K), 0.0890331 secs]
[Full GC (Allocation Failure)  39615K->39611K(39616K), 0.0896135 secs]
[Full GC (Allocation Failure)  39615K->39614K(39616K), 0.0896178 secs]
[Full GC (Allocation Failure)  39615K->39615K(39616K), 0.0894172 secs]
[Full GC (Allocation Failure)  39615K->39611K(39616K), 0.0898629 secs]
[Full GC (Allocation Failure)  39616K->39615K(39616K), 0.0904964 secs]
[Full GC (Allocation Failure)  39615K->39615K(39616K), 0.0909036 secs]
[Full GC (Allocation Failure)  39615K->39611K(39616K), 0.0897513 secs]
[Full GC (Allocation Failure)  39615K->39612K(39616K), 0.0904125 secs]
[Full GC (Allocation Failure)  39616K->39615K(39616K), 0.0904711 secs]
[Full GC (Allocation Failure)  39615K->39613K(39616K), 0.0910854 secs]
[Full GC (Allocation Failure)  39615K->39612K(39616K), 0.0889382 secs]
[Full GC (Allocation Failure)  39615K->39603K(39616K), 0.0905263 secs]
[Full GC (Allocation Failure)  39615K->39612K(39616K), 0.0926235 secs]
[Full GC (Allocation Failure)  39615K->39615K(39616K), 0.0921983 secs]
[Full GC (Allocation Failure)  39615K->39615K(39616K), 0.0898971 secs]
[Full GC (Allocation Failure)  39615K->39610K(39616K), 0.0955979 secs]
[Full GC (Allocation Failure)  39615K->39615K(39616K), 0.0936778 secs]
[Full GC (Allocation Failure)  39615K->39612K(39616K), 0.0898372 secs]
[Full GC (Allocation Failure)  39615K->39615K(39616K), 0.0901807 secs]
[Full GC (Allocation Failure)  39615K->39612K(39616K), 0.0895785 secs]
[Full GC (Allocation Failure)  39616K->39615K(39616K), 0.0915486 secs]
[Full GC (Allocation Failure)  39615K->39615K(39616K), 0.0893496 secs]
[Full GC (Allocation Failure)  39615K->39614K(39616K), 0.0901623 secs]
[Full GC (Allocation Failure)  39616K->39614K(39616K), 0.0896298 secs]
[Full GC (Allocation Failure)  39615K->39615K(39616K), 0.0889664 secs]
[Full GC (Allocation Failure)  39615K->39615K(39616K), 0.0914904 secs]
[Full GC (Allocation Failure)  39615K->39614K(39616K), 0.0901037 secs]
[Full GC (Allocation Failure)  39615K->39612K(39616K), 0.0903766 secs]
[Full GC (Allocation Failure)  39616K->39615K(39616K), 0.0910794 secs]
[Full GC (Allocation Failure)  39615K->39615K(39616K), 0.0901392 secs]
[Full GC (Allocation Failure)  39615K->39613K(39616K), 0.0923822 secs]
[Full GC (Allocation Failure)  39615K->39604K(39616K), 0.0924327 secs]
[Full GC (Allocation Failure)  39615K->39613K(39616K), 0.0890383 secs]
[Full GC (Allocation Failure)  39615K->39613K(39616K), 0.0909613 secs]
[Full GC (Allocation Failure)  39615K->39615K(39616K), 0.0913715 secs]
[Full GC (Allocation Failure)  39615K->39609K(39616K), 0.0894925 secs]
[Full GC (Allocation Failure)  39615K->39615K(39616K), 0.0925952 secs]
[Full GC (Allocation Failure)  39615K->39612K(39616K), 0.0928959 secs]
[Full GC (Allocation Failure)  39615K->39614K(39616K), 0.0915370 secs]
[Full GC (Allocation Failure)  39615K->39606K(39616K), 0.0895780 secs]
[Full GC (Allocation Failure)  39615K->39614K(39616K), 0.0907462 secs]
[Full GC (Allocation Failure)  39615K->39614K(39616K), 0.0897834 secs]
[Full GC (Allocation Failure)  39615K->39615K(39616K), 0.0897021 secs]
[Full GC (Allocation Failure)  39615K->39606K(39616K), 0.0898881 secs]
[Full GC (Allocation Failure)  39615K->39614K(39616K), 0.0891833 secs]
[Full GC (Allocation Failure)  39615K->39615K(39616K), 0.0905340 secs]
[Full GC (Allocation Failure)  39615K->39615K(39616K), 0.0919070 secs]
[Full GC (Allocation Failure)  39615K->39609K(39616K), 0.0910447 secs]
[Full GC (Allocation Failure)  39615K->39614K(39616K), 0.0896931 secs]
[Full GC (Allocation Failure)  39615K->39615K(39616K), 0.0914891 secs]
[Full GC (Allocation Failure)  39615K->39615K(39616K), 0.0892371 secs]
[Full GC (Allocation Failure)  39615K->39612K(39616K), 0.0902072 secs]
[Full GC (Allocation Failure)  39616K->39615K(39616K), 0.0899891 secs]
[Full GC (Allocation Failure)  39615K->39615K(39616K), 0.0894677 secs]
[Full GC (Allocation Failure)  39616K->39615K(39616K), 0.0893150 secs]
[Full GC (Allocation Failure)  39615K->39609K(39616K), 0.0887765 secs]
[Full GC (Allocation Failure)  39615K->39615K(39616K), 0.0900550 secs]
[Full GC (Allocation Failure)  39615K->39615K(39616K), 0.0903261 secs]
[Full GC (Allocation Failure)  39615K->39615K(39616K), 0.0903689 secs]
[Full GC (Allocation Failure)  39615K->39612K(39616K), 0.0888958 secs]
[Full GC (Allocation Failure)  39615K->39615K(39616K), 0.0906016 secs]
[Full GC (Allocation Failure)  39615K->39615K(39616K), 0.0898030 secs]
[Full GC (Allocation Failure)  39615K->39615K(39616K), 0.0893116 secs]
[Full GC (Allocation Failure)  39616K->39613K(39616K), 0.0901465 secs]
[Full GC (Allocation Failure)  39615K->39615K(39616K), 0.0922235 secs]
[Full GC (Allocation Failure)  39615K->39612K(39616K), 0.0939494 secs]
[Full GC (Allocation Failure)  39615K->39615K(39616K), 0.0909716 secs]
[Full GC (Allocation Failure)  39615K->39613K(39616K), 0.0900631 secs]
[Full GC (Allocation Failure)  39615K->39615K(39616K), 0.0893834 secs]
[Full GC (Allocation Failure)  39615K->39614K(39616K), 0.0896999 secs]
[Full GC (Allocation Failure)  39615K->39615K(39616K), 0.0909930 secs]
[Full GC (Allocation Failure)  39615K->39613K(39616K), 0.0910986 secs]
[Full GC (Allocation Failure)  39615K->39615K(39616K), 0.0894831 secs]
[Full GC (Allocation Failure)  39615K->39614K(39616K), 0.0892966 secs]
[Full GC (Allocation Failure)  39615K->39615K(39616K), 0.0907030 secs]
[Full GC (Allocation Failure)  39615K->39612K(39616K), 0.0896165 secs]
[Full GC (Allocation Failure)  39616K->39614K(39616K), 0.0894831 secs]
[Full GC (Allocation Failure)  39616K->39615K(39616K), 0.0889655 secs]
[Full GC (Allocation Failure)  39615K->39615K(39616K), 0.0895447 secs]
[Full GC (Allocation Failure)  39615K->39611K(39616K), 0.0930324 secs]
[Full GC (Allocation Failure)  39616K->39615K(39616K), 0.0911807 secs]
[Full GC (Allocation Failure)  39615K->39615K(39616K), 0.0900413 secs]
[Full GC (Allocation Failure)  39616K->39615K(39616K), 0.0905862 secs]
[Full GC (Allocation Failure)  39615K->39612K(39616K), 0.0893907 secs]
[Full GC (Allocation Failure)  39615K->39615K(39616K), 0.0898518 secs]
[Full GC (Allocation Failure)  39615K->39615K(39616K), 0.0899703 secs]
[Full GC (Allocation Failure)  39615K->39615K(39616K), 0.0895408 secs]
[Full GC (Allocation Failure)  39615K->39613K(39616K), 0.0892320 secs]
[Full GC (Allocation Failure)  39616K->39615K(39616K), 0.0901080 secs]
[Full GC (Allocation Failure)  39615K->39615K(39616K), 0.0893201 secs]
[Full GC (Allocation Failure)  39615K->39615K(39616K), 0.0901422 secs]
[Full GC (Allocation Failure)  39615K->39612K(39616K), 0.0888954 secs]
[Full GC (Allocation Failure)  39615K->39615K(39616K), 0.0906285 secs]
[Full GC (Allocation Failure)  39615K->39614K(39616K), 0.0909818 secs]
[Full GC (Allocation Failure)  39615K->39615K(39616K), 0.0894848 secs]
[Full GC (Allocation Failure)  39615K->39614K(39616K), 0.0892521 secs]
[Full GC (Allocation Failure)  39615K->39615K(39616K), 0.0890417 secs]
[Full GC (Allocation Failure)  39615K->39615K(39616K), 0.0898240 secs]
[Full GC (Allocation Failure)  39615K->39614K(39616K), 0.0905135 secs]
[Full GC (Allocation Failure)  39615K->39614K(39616K), 0.0955140 secs]
[Full GC (Allocation Failure)  39615K->39615K(39616K), 0.0903805 secs]
[Full GC (Allocation Failure)  39615K->39614K(39616K), 0.0910597 secs]
[Full GC (Allocation Failure)  39615K->39615K(39616K), 0.0908813 secs]
[Full GC (Allocation Failure)  39615K->39614K(39616K), 0.0901037 secs]
[Full GC (Allocation Failure)  39615K->39615K(39616K), 0.0939468 secs]
[Full GC (Allocation Failure)  39615K->39615K(39616K), 0.0933690 secs]
[Full GC (Allocation Failure)  39615K->39615K(39616K), 0.0896957 secs]
[Full GC (Allocation Failure)  39615K->39613K(39616K), 0.0904254 secs]
[Full GC (Allocation Failure)  39615K->39615K(39616K), 0.0895857 secs]
[Full GC (Allocation Failure)  39615K->39614K(39616K), 0.0893933 secs]
[Full GC (Allocation Failure)  39615K->39615K(39616K), 0.0905802 secs]
[Full GC (Allocation Failure)  39616K->39615K(39616K), 0.0892414 secs]
[Full GC (Allocation Failure)  39615K->39615K(39616K), 0.0908732 secs]
[Full GC (Allocation Failure)  39615K->39615K(39616K), 0.0920824 secs]
[Full GC (Allocation Failure)  39616K->39615K(39616K), 0.0923074 secs]
[Full GC (Allocation Failure)  39615K->39613K(39616K), 0.0913322 secs]
[Full GC (Allocation Failure)  39615K->39615K(39616K), 0.0907924 secs]
[Full GC (Allocation Failure)  39615K->39615K(39616K), 0.0896469 secs]
[Full GC (Allocation Failure)  39615K->39613K(39616K), 0.0890703 secs]
[Full GC (Allocation Failure)  39615K->39613K(39616K), 0.0900896 secs]
[Full GC (Allocation Failure)  39616K->39615K(39616K), 0.0890408 secs]
[Full GC (Allocation Failure)  39615K->39615K(39616K), 0.0915914 secs]
[Full GC (Allocation Failure)  39616K->39616K(39616K), 0.0892675 secs]
[Full GC (Allocation Failure)  39616K->39614K(39616K), 0.0906687 secs]
[Full GC (Allocation Failure)  39615K->39615K(39616K), 0.0897342 secs]
[Full GC (Allocation Failure)  39615K->39615K(39616K), 0.0895592 secs]
[Full GC (Allocation Failure)  39615K->39615K(39616K), 0.0901392 secs]
[Full GC (Allocation Failure)  39615K->39614K(39616K), 0.0906752 secs]
[Full GC (Allocation Failure)  39615K->39615K(39616K), 0.0901170 secs]
[Full GC (Allocation Failure)  39615K->39614K(39616K), 0.0889668 secs]
[Full GC (Allocation Failure)  39615K->39615K(39616K), 0.0897603 secs]
[Full GC (Allocation Failure)  39615K->39615K(39616K), 0.0897273 secs]
[Full GC (Allocation Failure)  39615K->39615K(39616K), 0.0899352 secs]
[Full GC (Allocation Failure)  39615K->39615K(39616K), 0.0974880 secs]
[Full GC (Allocation Failure)  39615K->39615K(39616K), 0.0900455 secs]
[Full GC (Allocation Failure)  39615K->39615K(39616K), 0.0891341 secs]
[Full GC (Allocation Failure)  39615K->39615K(39616K), 0.0890601 secs]
[Full GC (Allocation Failure)  39615K->39615K(39616K), 0.0932993 secs]
[Full GC (Allocation Failure)  39615K->39614K(39616K), 0.0901555 secs]
[Full GC (Allocation Failure)  39615K->39614K(39616K), 0.0905913 secs]
[Full GC (Allocation Failure)  39615K->39615K(39616K), 0.0900186 secs]
[Full GC (Allocation Failure)  39615K->39614K(39616K), 0.0902778 secs]
[Full GC (Allocation Failure)  39615K->39615K(39616K), 0.0890832 secs]
[Full GC (Allocation Failure)  39615K->39615K(39616K), 0.0895194 secs]
java.lang.OutOfMemoryError: Java heap space
Dumping heap to E:\Chandan\Learning\GitHub\Courses\JavaConcurrency\src\office\java_pid8176.hprof ...
[Full GC (Allocation Failure)  39615K->39615K(39616K), 0.0905233 secs]
Heap dump file created [44829845 bytes in 0.672 secs]
[Full GC (Allocation Failure)  39615K->39615K(39616K), 0.0989923 secs]
[Full GC (Allocation Failure)  39615K->39615K(39616K), 0.0929644 secs]
[Full GC (Allocation Failure)  39615K->39614K(39616K), 0.0899621 secs]
[Full GC (Allocation Failure)  39615K->39615K(39616K), 0.1004924 secs]
[Full GC (Allocation Failure)  39615K->39615K(39616K), 0.0981202 secs]
[Full GC (Allocation Failure)  39615K->39615K(39616K), 0.1000308 secs]
[Full GC (Allocation Failure)  39615K->39615K(39616K), 0.1001609 secs]
[Full GC (Allocation Failure)  39615K->39615K(39616K), 0.0954670 secs]
[Full GC (Allocation Failure)  39615K->39615K(39616K), 0.0995706 secs]
[Full GC (Allocation Failure)  39615K->39615K(39616K), 0.0984025 secs]
[Full GC (Allocation Failure)  39615K->39613K(39616K), 0.1239044 secs]
