[GC (Allocation Failure)  10347K->5671K(39616K), 0.0168563 secs]
[GC (Allocation Failure)  16615K->11820K(39616K), 0.0219954 secs]
[GC (Allocation Failure)  22764K->18010K(39616K), 0.0203957 secs]
[GC (Allocation Failure)  28954K->25420K(39616K), 0.0241687 secs]
[Full GC (Allocation Failure)  36364K->29735K(39616K), 0.0865241 secs]
[Full GC (Allocation Failure)  39615K->36731K(39616K), 0.0924549 secs]
[Full GC (Allocation Failure)  39615K->38462K(39616K), 0.0956804 secs]
[Full GC (Allocation Failure)  39615K->37953K(39616K), 0.1171211 secs]
[Full GC (Allocation Failure)  39615K->39431K(39616K), 0.0948459 secs]
[Full GC (Allocation Failure)  39615K->39542K(39616K), 0.0926431 secs]
[Full GC (Allocation Failure)  39615K->39586K(39616K), 0.0921269 secs]
[Full GC (Allocation Failure)  39615K->39115K(39616K), 0.1128220 secs]
[Full GC (Allocation Failure)  39615K->39611K(39616K), 0.0917423 secs]
[Full GC (Allocation Failure)  39615K->39614K(39616K), 0.0924229 secs]
[Full GC (Allocation Failure)  39615K->39615K(39616K), 0.0909224 secs]
[Full GC (Allocation Failure)  39615K->39420K(39616K), 0.0915020 secs]
[Full GC (Allocation Failure)  39615K->39615K(39616K), 0.0918061 secs]
[Full GC (Allocation Failure)  39615K->39615K(39616K), 0.0926846 secs]
[Full GC (Allocation Failure)  39615K->39615K(39616K), 0.0915323 secs]
[Full GC (Allocation Failure)  39615K->39537K(39616K), 0.0914181 secs]
[Full GC (Allocation Failure)  39615K->39615K(39616K), 0.0916906 secs]
[Full GC (Allocation Failure)  39615K->39615K(39616K), 0.0907650 secs]
[Full GC (Allocation Failure)  39615K->39584K(39616K), 0.0917244 secs]
[Full GC (Allocation Failure)  39615K->39603K(39616K), 0.0913373 secs]
[Full GC (Allocation Failure)  39615K->39615K(39616K), 0.0916551 secs]
[Full GC (Allocation Failure)  39615K->39610K(39616K), 0.0914391 secs]
[Full GC (Allocation Failure)  39615K->39615K(39616K), 0.0925204 secs]
[Full GC (Allocation Failure)  39615K->39613K(39616K), 0.0936714 secs]
[Full GC (Allocation Failure)  39615K->39615K(39616K), 0.0923266 secs]
[Full GC (Allocation Failure)  39615K->39615K(39616K), 0.0915195 secs]
[Full GC (Allocation Failure)  39615K->39615K(39616K), 0.0918506 secs]
[Full GC (Allocation Failure)  39615K->39615K(39616K), 0.0925892 secs]
[Full GC (Allocation Failure)  39615K->39615K(39616K), 0.0941090 secs]
[Full GC (Allocation Failure)  39615K->39615K(39616K), 0.0964392 secs]
[Full GC (Allocation Failure)  39615K->39615K(39616K), 0.0943690 secs]
[Full GC (Allocation Failure)  39615K->39615K(39616K), 0.0930448 secs]
[Full GC (Allocation Failure)  39615K->39615K(39616K), 0.0914305 secs]
[Full GC (Allocation Failure)  39615K->39615K(39616K), 0.0907427 secs]
[Full GC (Allocation Failure)  39615K->39615K(39616K), 0.0918779 secs]
[Full GC (Allocation Failure)  39615K->39615K(39616K), 0.0931410 secs]
java.lang.OutOfMemoryError: Java heap space
Dumping heap to E:\Chandan\Learning\GitHub\Courses\JavaConcurrency\src\office\java_pid16944.hprof ...
Heap dump file created [46185000 bytes in 1.457 secs]
[Full GC (Allocation Failure)  39615K->39615K(39616K), 0.1167212 secs]
[Full GC (Allocation Failure)  39615K->39615K(39616K), 0.1169889 secs]
[Full GC (Allocation Failure)  39615K->39615K(39616K), 0.1153439 secs]
[Full GC (Allocation Failure)  39615K->39614K(39616K), 0.1385481 secs]
